| StrutsBad.xml:8:5:8:52 | constant | Enabling development mode in production environments is dangerous |
