| Jinja2Templates.py:6:25:6:30 | argument to Jinja2.template() |
| Jinja2Templates.py:11:25:11:30 | argument to Jinja2.template() |
| Jinja2Templates.py:16:25:16:37 | argument to Jinja2.template() |
